src/config/currencies.ts:9 - CurrencyDef (used in module)
src/config/label-elements.ts:232 - parseCanvasPad (used in module)
src/config/label-elements.ts:526 - expandMultilineText (used in module)
src/config/label-elements.ts:572 - elementConditionMet (used in module)
src/config/label-elements.ts:27 - ICON_MIN_MM (used in module)
src/config/label-elements.ts:28 - ICON_MAX_MM (used in module)
src/config/label-elements.ts:34 - TextAlign (used in module)
src/config/label-elements.ts:37 - TextCase (used in module)
src/config/label-elements.ts:39 - LabelElementType (used in module)
src/config/label-elements.ts:69 - ConditionField (used in module)
src/config/label-elements.ts:71 - ElementCondition (used in module)
src/config/label-elements.ts:137 - QrElement (used in module)
src/config/label-elements.ts:143 - Code128Element (used in module)
src/config/label-elements.ts:163 - LineElement (used in module)
src/config/label-elements.ts:169 - BoxElement (used in module)
src/config/label-elements.ts:195 - IconElement (used in module)
src/config/label-elements.ts:217 - CanvasPad (used in module)
src/config/label-elements.ts:252 - CAPABILITY (used in module)
src/config/label-elements.ts:282 - MAX_ELEMENTS (used in module)
src/config/label-elements.ts:284 - MAX_CONDITION_VALUES (used in module)
src/config/label-elements.ts:567 - ConditionContext (used in module)
src/config/label-fields.ts:17 - FieldDef (used in module)
src/config/label-fields.ts:43 - ROLL_RAW_FIELDS (used in module)
src/config/label-fields.ts:61 - ROLL_FINISHED_FIELDS (used in module)
src/config/label-fields.ts:88 - SWATCH_FIELDS (used in module)
src/config/label-fields.ts:119 - SACK_FIELDS (used in module)
src/config/label-fields.ts:178 - UnifiedFieldDef (used in module)
src/config/label-icons.ts:37 - labelIconKeys
src/config/label-icons.ts:16 - LabelIconDef (used in module)
src/config/label-kind.schema.ts:54 - LABEL_KINDS
src/config/traveler-card-fields.ts:19 - TravelerFieldGroup (used in module)
src/config/traveler-card-fields.ts:21 - TravelerFieldDef (used in module)
src/config/traveler-card-fields.ts:35 - TRAVELER_FIELDS (used in module)
src/config/traveler-card-fields.ts:77 - TravelerLoopDef (used in module)
src/constants/permission-catalog.ts:163 - satisfies
src/constants/permission-catalog.ts:163 - readonly
src/constants/role-template-catalog.ts:38 - RoleTemplateEntry (used in module)
src/constants/role-template-catalog.ts:366 - ROLE_COVERAGE_EXEMPT
src/controllers/label-template.controller.ts:38 - createSchema (used in module)
src/controllers/traveler-card.controller.ts:36 - sampleHtmlSchema (used in module)
src/jobs/permission-catalog.job.ts:66 - reconcilePermissionCatalog (used in module)
src/jobs/permission-catalog.job.ts:49 - PermissionReconcileResult (used in module)
src/jobs/role-template-catalog.job.ts:40 - RoleTemplateReconcileResult (used in module)
src/lib/pool-health.ts:47 - PoolTimeoutKind (used in module)
src/lib/pool-health.ts:109 - PoolHealth (used in module)
src/lib/string-validators.ts:129 - validateLongText
src/lib/string-validators.ts:148 - validateHexColor
src/lib/string-validators.ts:31 - NAME_MAX_LEN (used in module)
src/lib/string-validators.ts:32 - CODE_MAX_LEN (used in module)
src/lib/string-validators.ts:33 - LONGTEXT_MAX (used in module)
src/lib/string-validators.ts:35 - StringValidatorOptions (used in module)
src/middlewares/latency.middleware.ts:83 - CLIENT_ABORTED_STATUS (used in module)
src/routes/feature-flag.routes.ts:94 - updateSchema (used in module)
src/routes/printed-document.routes.ts:20 - DOC_PERMISSIONS (used in module)
src/services/backup-impact.service.ts:110 - restoreGuards (used in module)
src/services/backup-impact.service.ts:40 - ImpactGroupKey (used in module)
src/services/backup-impact.service.ts:42 - ImpactRow (used in module)
src/services/backup-impact.service.ts:52 - ImpactGroup (used in module)
src/services/backup-impact.service.ts:58 - AuditRollup (used in module)
src/services/backup-impact.service.ts:68 - RestoreImpact (used in module)
src/services/backup-impact.service.ts:101 - RestoreGuardInput (used in module)
src/services/backup.service.ts:85 - backupPgOverride (used in module)
src/services/backup.service.ts:169 - getLastBackupResult
src/services/backup.service.ts:149 - BackupTrigger (used in module)
src/services/backup.service.ts:151 - BackupRunResult (used in module)
src/services/backup.service.ts:326 - BackupTriggerResult (used in module)
src/services/backup.service.ts:357 - BackupFileInfo (used in module)
src/services/backup.service.ts:379 - BackupListing (used in module)
src/services/backup.service.ts:438 - DEFAULT_RETENTION_DAYS (used in module)
src/services/backup.service.ts:438 - RETENTION_MIN_KEEP (used in module)
src/services/backup.service.ts:438 - retentionDays (used in module)
src/services/batch.service.ts:121 - generateBatchNumberTx (used in module)
src/services/batch.service.ts:95 - BATCH_NUMBER_LOCK_NS (used in module)
src/services/customer-alias.service.ts:23 - AliasLookupResult (used in module)
src/services/customer-branch.service.ts:69 - CustomerBranchInput (used in module)
src/services/customer-standalone-label.service.ts:19 - StandaloneLabelRow (used in module)
src/services/customer-template-route.service.ts:19 - CustomerTemplateRouteRow (used in module)
src/services/dashboard.service.ts:12 - DefectsSummary (used in module)
src/services/dashboard.service.ts:19 - StationLiveStateRow (used in module)
src/services/db-copy-verify.service.ts:98 - evaluateChecks (used in module)
src/services/db-copy-verify.service.ts:311 - readExpectedMigrations (used in module)
src/services/db-copy-verify.service.ts:23 - CheckStatus (used in module)
src/services/db-copy-verify.service.ts:25 - VerificationCheck (used in module)
src/services/db-copy-verify.service.ts:34 - MigrationDiff (used in module)
src/services/db-copy-verify.service.ts:43 - TableCount (used in module)
src/services/db-copy-verify.service.ts:74 - EvaluateInput (used in module)
src/services/db-copy.service.ts:132 - getCurrentJob
src/services/db-copy.service.ts:135 - getLastJobResult
src/services/db-copy.service.ts:138 - isCopyJobRunning
src/services/db-copy.service.ts:142 - _setCurrentJob
src/services/db-copy.service.ts:155 - evaluateCopyState (used in module)
src/services/db-copy.service.ts:171 - evaluateDiskGuard (used in module)
src/services/db-copy.service.ts:267 - readCopyRecords (used in module)
src/services/db-copy.service.ts:279 - writeCopyRecords (used in module)
src/services/db-copy.service.ts:313 - buildCreateDatabaseSql (used in module)
src/services/db-copy.service.ts:56 - CopyPhase (used in module)
src/services/db-copy.service.ts:65 - CopyState (used in module)
src/services/db-copy.service.ts:67 - DbCopyJob (used in module)
src/services/db-copy.service.ts:80 - CopyRecord (used in module)
src/services/db-copy.service.ts:90 - DbCopy (used in module)
src/services/db-copy.service.ts:100 - DiskGuardResult (used in module)
src/services/db-copy.service.ts:111 - DbCopyListing (used in module)
src/services/db-copy.service.ts:260 - COPIES_SETTING_KEY (used in module)
src/services/db-copy.service.ts:348 - StartCopyResult (used in module)
src/services/db-copy.service.ts:658 - DropCopyResult (used in module)
src/services/document-profile.service.ts:18 - DocumentProfileInput (used in module)
src/services/document-profile.service.ts:53 - DocumentProfileService (used in module)
src/services/free-document.service.ts:27 - FreeDocumentInput (used in module)
src/services/free-document.service.ts:71 - FreeDocumentService (used in module)
src/services/inventory.service.ts:128 - RollStats (used in module)
src/services/inventory.service.ts:141 - RollSubcontractorSummary (used in module)
src/services/inventory.service.ts:174 - RescuePreview (used in module)
src/services/inventory.service.ts:186 - RollHistoryEventKind (used in module)
src/services/inventory.service.ts:194 - RollHistoryEvent (used in module)
src/services/inventory.service.ts:204 - RollHistoryPayload (used in module)
src/services/inventory.service.ts:225 - RelabelCandidateCustomer (used in module)
src/services/inventory.service.ts:238 - RelabelContext (used in module)
src/services/inventory.service.ts:279 - RollCancelPreview (used in module)
src/services/inventory.service.ts:482 - ProductionFlowQueueCard (used in module)
src/services/inventory.service.ts:494 - ProductionFlowSackCard (used in module)
src/services/inventory.service.ts:505 - ProductionFlowData (used in module)
src/services/item.service.ts:27 - ItemCreateInput (used in module)
src/services/kartela.service.ts:126 - KartelaDispatchInput (used in module)
src/services/kartela.service.ts:134 - KartelaReceiveReturn (used in module)
src/services/kartela.service.ts:146 - KartelaReceiveInput (used in module)
src/services/kartela.service.ts:156 - KartelaStockGroup (used in module)
src/services/kartela.service.ts:1439 - kartelaService
src/services/kursun-bypass.service.ts:88 - KURSUN_BYPASS_MARKER_PREFIX (used in module)
src/services/kursun-bypass.service.ts:102 - KURSUN_BYPASS_UNASSIGNED_MARKER_PREFIX (used in module)
src/services/kursun-bypass.service.ts:149 - KursunBypassMachineOption (used in module)
src/services/kursun-bypass.service.ts:159 - KursunDistributionRowBase (used in module)
src/services/kursun-bypass.service.ts:184 - KursunDistributionWaitingRow (used in module)
src/services/kursun-bypass.service.ts:191 - KursunDistributionAssignedRow (used in module)
src/services/kursun-bypass.service.ts:228 - KursunUnassignedClosureStats (used in module)
src/services/kursun-bypass.service.ts:237 - KursunDistributionPayload (used in module)
src/services/kursun-bypass.service.ts:265 - KursunBypassVisibility (used in module)
src/services/kursun-bypass.service.ts:280 - KursunBypassPreviewRoll (used in module)
src/services/kursun-bypass.service.ts:286 - KursunBypassCompletePreview (used in module)
src/services/kursun-bypass.service.ts:311 - KursunBypassTamburRoll (used in module)
src/services/kursun-bypass.service.ts:330 - KursunBypassTamburSource (used in module)
src/services/kursun-qc.service.ts:121 - KursunQueueItem (used in module)
src/services/label-template.service.ts:130 - RawCodeMap (used in module)
src/services/label-template.service.ts:132 - LabelTemplateInput (used in module)
src/services/label-template.service.ts:149 - LabelTemplateUpdateInput (used in module)
src/services/label-template.service.ts:165 - TemplateEnvelope (used in module)
src/services/label.service.ts:53 - NameSource (used in module)
src/services/label.service.ts:113 - SwatchLabelPayload (used in module)
src/services/label.service.ts:137 - UpdateOrderLineCustomerNamesInput (used in module)
src/services/label.service.ts:143 - LabelResolutionMeta (used in module)
src/services/label.service.ts:152 - RollLabelRenderOpts (used in module)
src/services/latency-persist.service.ts:32 - FLUSH_INTERVAL_MS (used in module)
src/services/latency-persist.service.ts:34 - RETENTION_DAYS (used in module)
src/services/latency-persist.service.ts:196 - LatencyHistoryPoint (used in module)
src/services/latency-stats.service.ts:24 - SLOW_REQUEST_MS (used in module)
src/services/latency-stats.service.ts:47 - SlowRequestEntry (used in module)
src/services/latency-stats.service.ts:55 - RouteSnapshot (used in module)
src/services/order.service.ts:81 - CancelAction (used in module)
src/services/order.service.ts:208 - OrderShipmentRow (used in module)
src/services/order.service.ts:221 - OrderShipmentsResult (used in module)
src/services/permission-management.service.ts:25 - DEFAULT_OPERATOR_PERMISSION_CODES (used in module)
src/services/printed-document.service.ts:74 - PrintedDocBuilder (used in module)
src/services/printed-document.service.ts:277 - PrintedDocumentService (used in module)
src/services/production-balance.service.ts:41 - BalanceLine (used in module)
src/services/production-balance.service.ts:67 - BalanceWo (used in module)
src/services/production-balance.service.ts:79 - BalanceSpecRow (used in module)
src/services/production-balance.service.ts:102 - BalanceGroup (used in module)
src/services/return.service.ts:1015 - returnService
src/services/sack-search.service.ts:37 - SackSearchParams (used in module)
src/services/sack-search.service.ts:74 - SackSearchService (used in module)
src/services/session-registry.service.ts:24 - OpenLoginSessionInput (used in module)
src/services/session-registry.service.ts:40 - ExistingSessionInfo (used in module)
src/services/shipping.service.ts:85 - specMatch
src/services/shipping.service.ts:86 - allocate
src/services/shipping.service.ts:87 - computeLoadedByLine
src/services/shipping.service.ts:88 - RollSpec
src/services/shipping.service.ts:89 - LineForAlloc
src/services/shipping.service.ts:111 - ShipmentListSummary (used in module)
src/services/shipping.service.ts:3145 - shippingService
src/services/station-capability.service.ts:27 - StationCapabilityDto (used in module)
src/services/subcontractor.service.ts:141 - BornRollPreviewItem (used in module)
src/services/subcontractor.service.ts:325 - ReceiptBatchMismatchItem (used in module)
src/services/system-log.service.ts:16 - SystemLogListParams (used in module)
src/services/system-setting.service.ts:391 - coerceSpecField (used in module)
src/services/system-setting.service.ts:833 - invalidateFeatureFlagsCache (used in module)
src/services/system-setting.service.ts:1750 - readPricingEnabled (used in module)
src/services/system-setting.service.ts:1765 - readTargetQuantityEnabled (used in module)
src/services/system-setting.service.ts:1782 - readRawWidthEnabled (used in module)
src/services/system-setting.service.ts:1852 - readPartyCodeAuto (used in module)
src/services/system-setting.service.ts:1886 - readKartelaMeasurementEnabled (used in module)
src/services/system-setting.service.ts:1903 - readFasonNoteMobileEntry (used in module)
src/services/system-setting.service.ts:2028 - readCustomerBranchesEnabled (used in module)
src/services/system-setting.service.ts:2358 - readSessionDurationHours
src/services/system-setting.service.ts:2411 - readIdleTimeoutMinutes (used in module)
src/services/system-setting.service.ts:2484 - readMobileIdleLockEnabled (used in module)
src/services/system-setting.service.ts:2501 - readMobileLockOnBackground (used in module)
src/services/system-setting.service.ts:2517 - readMobileIdleLockMinutes (used in module)
src/services/system-setting.service.ts:2555 - readPinLockoutEnabled (used in module)
src/services/system-setting.service.ts:2568 - readPinLockoutAttempts (used in module)
src/services/system-setting.service.ts:2610 - readPinLockoutPenaltySec (used in module)
src/services/system-setting.service.ts:2625 - readPinLockoutEscalateAfter (used in module)
src/services/system-setting.service.ts:2640 - readPinLockoutLongPenaltyMin (used in module)
src/services/system-setting.service.ts:2829 - readMobileRasterEnabled (used in module)
src/services/system-setting.service.ts:250 - DEFAULT_SESSION_DURATION_HOURS (used in module)
src/services/system-setting.service.ts:254 - DEFAULT_SESSION_DURATION_MINUTES (used in module)
src/services/system-setting.service.ts:258 - DEFAULT_IDLE_TIMEOUT_MINUTES (used in module)
src/services/system-setting.service.ts:264 - DEFAULT_WORK_SESSION_IDLE_MINUTES (used in module)
src/services/system-setting.service.ts:269 - SAME_TYPE_SESSION_POLICIES (used in module)
src/services/system-setting.service.ts:271 - DEFAULT_SAME_TYPE_SESSION_POLICY (used in module)
src/services/system-setting.service.ts:273 - DEFAULT_AUTO_LOGOUT_ON_EXPIRY (used in module)
src/services/system-setting.service.ts:275 - DEFAULT_MOBILE_IDLE_LOCK_ENABLED (used in module)
src/services/system-setting.service.ts:277 - DEFAULT_MOBILE_IDLE_LOCK_MINUTES (used in module)
src/services/system-setting.service.ts:282 - DEFAULT_MOBILE_LOCK_ON_BACKGROUND (used in module)
src/services/system-setting.service.ts:284 - DEFAULT_ABSOLUTE_SESSION_CAP_DAYS (used in module)
src/services/system-setting.service.ts:287 - DEFAULT_PIN_LOCKOUT_ENABLED (used in module)
src/services/system-setting.service.ts:289 - DEFAULT_BACKUP_HOUR (used in module)
src/services/system-setting.service.ts:293 - DEFAULT_PIN_LOCKOUT_ATTEMPTS (used in module)
src/services/system-setting.service.ts:296 - DEFAULT_PIN_LOCKOUT_PENALTY_SEC (used in module)
src/services/system-setting.service.ts:299 - DEFAULT_PIN_LOCKOUT_ESCALATE_AFTER (used in module)
src/services/system-setting.service.ts:302 - DEFAULT_PIN_LOCKOUT_LONG_PENALTY_MIN (used in module)
src/services/system-setting.service.ts:306 - LoginMethod (used in module)
src/services/system-setting.service.ts:307 - LoginMethodsConfig (used in module)
src/services/system-setting.service.ts:311 - LOGIN_METHODS (used in module)
src/services/system-setting.service.ts:312 - DEFAULT_LOGIN_METHODS (used in module)
src/services/system-setting.service.ts:315 - DEFAULT_COMPANY_NAME (used in module)
src/services/system-setting.service.ts:318 - TravelerCardPageSize (used in module)
src/services/system-setting.service.ts:321 - TravelerCardMargins (used in module)
src/services/system-setting.service.ts:329 - TravelerCardFontWeight (used in module)
src/services/system-setting.service.ts:332 - TravelerCardFieldSize (used in module)
src/services/system-setting.service.ts:335 - TravelerCardCellWeight (used in module)
src/services/system-setting.service.ts:347 - TravelerCardSpecField (used in module)
src/services/system-setting.service.ts:356 - TravelerCardSpecFields (used in module)
src/services/system-setting.service.ts:367 - TravelerCardOrderFields (used in module)
src/services/system-setting.service.ts:380 - TravelerCardBatchFields (used in module)
src/services/system-setting.service.ts:476 - DEFAULT_TRAVELER_CARD_CONFIG (used in module)
src/services/system-setting.service.ts:621 - DEFAULT_COMPANY_LETTERHEAD (used in module)
src/services/system-setting.service.ts:697 - DocumentsConfig (used in module)
src/services/system-setting.service.ts:705 - FeatureFlags (used in module)
src/services/system-setting.service.ts:838 - SystemSettingService (used in module)
src/services/system-setting.service.ts:2110 - DocumentsLogo (used in module)
src/services/system-setting.service.ts:2758 - DEFAULT_LABEL_COPIES (used in module)
src/services/system-setting.service.ts:2775 - DefaultLabelMedia (used in module)
src/services/system-setting.service.ts:2782 - CODE_DEFAULT_MEDIA (used in module)
src/services/tambur-manual.service.ts:100 - TAMBUR_MANUAL_ROLL_MARKER (used in module)
src/services/tambur-manual.service.ts:103 - TAMBUR_MANUAL_BRING_EVENT (used in module)
src/services/tambur-manual.service.ts:111 - TAMBUR_MANUAL_PRODUCE_EVENT (used in module)
src/services/tambur-manual.service.ts:114 - RollRef (used in module)
src/services/tambur-manual.service.ts:120 - TamburFieldContext (used in module)
src/services/tambur.service.ts:34 - SwatchStats (used in module)
src/services/traveler-template.service.ts:40 - TravelerTemplateInput (used in module)
src/services/traveler-template.service.ts:50 - ResolvedTravelerTemplate (used in module)
src/services/traveler-template.service.ts:83 - TravelerTemplateService (used in module)
src/services/user-preference.service.ts:12 - PreferencesData (used in module)
src/services/work-session-activity.service.ts:48 - ActivityEventKind (used in module)
src/services/work-session-activity.service.ts:55 - ActivityAttribution (used in module)
src/services/work-session-activity.service.ts:58 - ActivityRoll (used in module)
src/services/work-session-activity.service.ts:65 - SessionActivityEvent (used in module)
src/services/work-session-activity.service.ts:91 - SessionActivitySummary (used in module)
src/services/work-session.service.ts:33 - SESSIONABLE_STATION_KINDS (used in module)
src/services/workorder-batch-drop.service.ts:63 - resolveBatchDropBlockReason (used in module)
src/services/workorder-split.service.ts:35 - SplitMode (used in module)
src/utils/cursor.ts:26 - encodeCursor (used in module)
src/utils/cursor.ts:103 - encodeDynamicCursor (used in module)
src/utils/cursor.ts:18 - Cursor (used in module)
src/utils/cursor.ts:92 - CursorValueTag (used in module)
src/utils/cursor.ts:94 - DynamicCursor (used in module)
src/services/document-render/doc-density.ts:39 - DocPageSize (used in module)
src/services/document-render/doc-density.ts:42 - DOC_PAGE_DIM
src/services/document-render/doc-fields.ts:129 - resolveDocField
src/services/document-render/doc-fields.ts:30 - DocFieldDef (used in module)
src/services/document-render/doc-style.ts:60 - DOC_FIELD_SIZE_MIN (used in module)
src/services/document-render/doc-style.ts:61 - DOC_FIELD_SIZE_MAX (used in module)
src/services/document-render/doc-style.ts:86 - ResolvedDocStyle (used in module)
src/services/document-render/doc-table.ts:47 - applyColumnCfg (used in module)
src/services/document-render/doc-table.ts:11 - DocColumnCfg (used in module)
src/services/document-render/doc-table.ts:25 - DocCol (used in module)
src/services/document-render/fason-ceki.density.ts:37 - FasonPageSize (used in module)
src/services/document-render/fason-ceki.density.ts:40 - PAGE_DIM
src/services/document-render/fason-ceki.density.ts:220 - GRID_GROUP_CHOICES (used in module)
src/services/document-render/fason-ceki.density.ts:238 - DEFAULT_GRID_ROWS (used in module)
src/services/document-render/fason-ceki.density.ts:239 - GRID_ROWS_MIN (used in module)
src/services/document-render/fason-ceki.density.ts:240 - GRID_ROWS_MAX (used in module)
src/services/document-render/fason-ceki.fields.ts:146 - resolveFasonField
src/services/document-render/fason-ceki.fields.ts:41 - FasonFieldDef (used in module)
src/services/document-render/fason-ceki.fields.ts:64 - FASON_FIELDS (used in module)
src/services/document-render/fason-ceki.fields.ts:160 - DocFieldStyle (used in module)
src/services/document-render/fason-ceki.fields.ts:160 - DocFieldWeight (used in module)
src/services/document-render/free-document.html.ts:15 - FreeDocumentSnapshot (used in module)
src/services/document-render/shipment-dispatch.html.ts:272 - DISPATCH_LIST_SECTIONS (used in module)
src/services/document-render/shipment-dispatch.html.ts:273 - DispatchListSection (used in module)
src/services/document-render/traveler-card-raw.ts:70 - RawContext (used in module)
src/services/document-render/traveler-card.fields.ts:227 - resolveTravelerField
src/services/document-render/traveler-card.fields.ts:62 - TravelerFieldGroup (used in module)
src/services/document-render/traveler-card.fields.ts:73 - TravelerFieldDef (used in module)
src/services/document-render/traveler-card.fields.ts:103 - TRAVELER_FIELDS (used in module)
src/services/document-render/traveler-card.fields.ts:242 - DocFieldStyle (used in module)
src/services/document-render/traveler-card.fields.ts:242 - DocFieldWeight (used in module)
src/services/document-render/traveler-card.html.ts:239 - renderTravelerCardHtml (used in module)
src/services/document-render/traveler-card.html.ts:49 - FrozenTravelerTemplate (used in module)
src/services/document-render/traveler-card.sections.ts:15 - TRAVELER_SECTION_KEYS (used in module)
src/services/document-render/traveler-card.sections.ts:35 - TRAVELER_SECTION_LABELS
src/services/helpers/allocation.helper.ts:53 - buildPool (used in module)
src/services/helpers/allocation.helper.ts:75 - lineFifoCmp (used in module)
src/services/helpers/backup-naming.helper.ts:88 - parseBackupStamp (used in module)
src/services/helpers/backup-naming.helper.ts:20 - PRE_RESTORE_PREFIX (used in module)
src/services/helpers/backup-naming.helper.ts:97 - BackupCutoff (used in module)
src/services/helpers/backup-naming.helper.ts:141 - RESTORE_DB_INFIX (used in module)
src/services/helpers/backup-naming.helper.ts:142 - OLD_DB_INFIX (used in module)
src/services/helpers/backup-naming.helper.ts:143 - FAILED_DB_INFIX (used in module)
src/services/helpers/batch-dispatch-surgery.helper.ts:41 - DispatchSurgeryResult (used in module)
src/services/helpers/coverage.helper.ts:41 - LineCoverage (used in module)
src/services/helpers/coverage.helper.ts:76 - WoMaterial (used in module)
src/services/helpers/coverage.helper.ts:139 - WoInput (used in module)
src/services/helpers/customer-name.helper.ts:21 - ResolvedName (used in module)
src/services/helpers/db-swap-command.helper.ts:32 - SwapCommandParams (used in module)
src/services/helpers/device-transport.ts:63 - tcpTransport
src/services/helpers/device-transport.ts:15 - ReadOptions (used in module)
src/services/helpers/device-transport.ts:21 - DeviceTransport (used in module)
src/services/helpers/duplicate-guard.helper.ts:36 - ENTRY_STAMP_MAX_PAST_MS (used in module)
src/services/helpers/duplicate-guard.helper.ts:42 - ENTRY_STAMP_MAX_FUTURE_MS (used in module)
src/services/helpers/duplicate-guard.helper.ts:82 - EntryStampResolution (used in module)
src/services/helpers/fold-type.ts:23 - FoldType
src/services/helpers/guarded-hard-remove.ts:47 - makeGuardedHardRemove (used in module)
src/services/helpers/kursun-bypass-eligibility.helper.ts:71 - BypassEligibilityStep (used in module)
src/services/helpers/kursun-bypass-eligibility.helper.ts:83 - BypassEligibilitySignals (used in module)
src/services/helpers/kursun-bypass-guard.helper.ts:42 - PendingBypassAssignment (used in module)
src/services/helpers/label-canvas-html.helper.ts:19 - CanvasHtmlInput (used in module)
src/services/helpers/label-canvas-native.helper.ts:207 - emitCanvasPplb (used in module)
src/services/helpers/label-canvas-native.helper.ts:338 - emitCanvasPpla (used in module)
src/services/helpers/label-canvas-native.helper.ts:485 - emitCanvasZpl (used in module)
src/services/helpers/label-canvas-native.helper.ts:624 - skippedTypesFor
src/services/helpers/label-context-fit.ts:53 - getKindExclusiveKeys
src/services/helpers/label-context-fit.ts:65 - collectBoundKeys (used in module)
src/services/helpers/label-context-fit.ts:97 - analyzeContextFit (used in module)
src/services/helpers/label-context-fit.ts:82 - ContextFit (used in module)
src/services/helpers/label-field-values.ts:18 - FieldRole (used in module)
src/services/helpers/label-field-values.ts:20 - FieldValue (used in module)
src/services/helpers/label-flow-to-canvas.ts:53 - flowTemplateToCanvas
src/services/helpers/label-flow-to-canvas.ts:38 - FlowTemplateShape (used in module)
src/services/helpers/label-format.resolver.ts:84 - resolveDefaultFormat (used in module)
src/services/helpers/label-format.resolver.ts:25 - FormatResolveSource (used in module)
src/services/helpers/label-format.resolver.ts:37 - PrinterMedia (used in module)
src/services/helpers/label-html.helper.ts:39 - DEFAULT_LABEL_FORMAT (used in module)
src/services/helpers/label-html.helper.ts:42 - BuildArgs (used in module)
src/services/helpers/label-html.shared.ts:55 - isVisible (used in module)
src/services/helpers/label-html.shared.ts:72 - fieldLabel (used in module)
src/services/helpers/label-html.shared.ts:86 - fieldStyle (used in module)
src/services/helpers/label-html.shared.ts:96 - FieldHelpers (used in module)
src/services/helpers/label-intent.helper.ts:78 - resolveLabelIntentSnapshot
src/services/helpers/label-intent.helper.ts:25 - LabelIntentInput (used in module)
src/services/helpers/label-intent.helper.ts:31 - ResolvedLabelIntent (used in module)
src/services/helpers/label-ppla.helper.ts:39 - PplaRenderInput (used in module)
src/services/helpers/label-routing.resolver.ts:23 - TemplateWithVariants (used in module)
src/services/helpers/label-routing.resolver.ts:25 - LabelRouting (used in module)
src/services/helpers/label-routing.resolver.ts:44 - LabelRoutingOpts (used in module)
src/services/helpers/label-variant.resolver.ts:18 - PickedVariant (used in module)
src/services/helpers/label-variant.resolver.ts:24 - VARIANT_MATCH_TOLERANCE_MM (used in module)
src/services/helpers/native-label.shared.ts:190 - qrMode (used in module)
src/services/helpers/native-label.shared.ts:207 - qrVersion (used in module)
src/services/helpers/native-label.shared.ts:312 - rollTextLines (used in module)
src/services/helpers/native-label.shared.ts:26 - LEFT_COL_MM
src/services/helpers/native-label.shared.ts:144 - EplTextStyle (used in module)
src/services/helpers/native-label.shared.ts:222 - QR_QUIET_MODULES (used in module)
src/services/helpers/native-label.shared.ts:304 - RollTextLine (used in module)
src/services/helpers/native-label.shared.ts:336 - NativeTextLine (used in module)
src/services/helpers/native-preview.ts:141 - renderPplbToSvg (used in module)
src/services/helpers/native-preview.ts:189 - renderPplaToSvg (used in module)
src/services/helpers/native-preview.ts:252 - renderZplToSvg (used in module)
src/services/helpers/order-status.helper.ts:48 - computeLineLedger (used in module)
src/services/helpers/pg-admin-client.ts:49 - PgAdminUnavailable (used in module)
src/services/helpers/pg-conn.helper.ts:22 - PgUserOverride (used in module)
src/services/helpers/pg-tool.helper.ts:10 - PgToolName (used in module)
src/services/helpers/pg-tool.helper.ts:26 - ToolResult (used in module)
src/services/helpers/roll-barcode.helper.ts:27 - rollBarcodePrefix
src/services/helpers/roll-barcode.helper.ts:19 - ROLL_BARCODE_RE
src/services/helpers/roll-barcode.helper.ts:24 - MAX_ROLL_SEQ (used in module)
src/services/helpers/roll-cancel-restore.helper.ts:29 - RollRestoreSignals (used in module)
src/services/helpers/roll-disposition.helper.ts:23 - TxClient (used in module)
src/services/helpers/roll-disposition.helper.ts:26 - RollDispositionAction (used in module)
src/services/helpers/roll-disposition.helper.ts:34 - DispositionOrigin (used in module)
src/services/helpers/roll-disposition.helper.ts:37 - DISPOSITION_TARGET_STATUS (used in module)
src/services/helpers/roll-disposition.helper.ts:59 - DISPOSITION_NOTE_PREFIXES
src/services/helpers/roll-disposition.helper.ts:72 - RollDispositionRow (used in module)
src/services/helpers/roll-disposition.helper.ts:80 - DispositionRollSnapshot (used in module)
src/services/helpers/roll-disposition.helper.ts:99 - ApplyRollDispositionsArgs (used in module)
src/services/helpers/roll-finalize.helper.ts:13 - TxClient (used in module)
src/services/helpers/roll-finalize.helper.ts:52 - FinalizedRoll (used in module)
src/services/helpers/subcontractor-cancel.helper.ts:15 - DispatchCancelSignals (used in module)
src/services/helpers/work-session.helper.ts:15 - ActiveWorkSession (used in module)
src/services/helpers/work-session.helper.ts:62 - StampContext (used in module)
src/services/helpers/workorder-clone.helper.ts:31 - generateWorkOrderNumberTx (used in module)
src/services/helpers/workorder-clone.helper.ts:47 - CloneWorkOrderResult (used in module)
src/services/helpers/workorder-locks.helper.ts:59 - WorkOrderLocks (used in module)
src/services/reports/_shared.ts:91 - eachDay
src/services/reports/_shared.ts:109 - ymdLocal
src/services/reports/_shared.ts:29 - DateRangeInput (used in module)
src/services/reports/_shared.ts:67 - ReportResponse (used in module)
src/services/reports/audit.report.service.ts:15 - SystemLogSummary (used in module)
src/services/reports/audit.report.service.ts:103 - UserActivityRow (used in module)
src/services/reports/customer.report.service.ts:12 - CustomerOrderProfileRow (used in module)
src/services/reports/customer.report.service.ts:118 - AliasStats (used in module)
src/services/reports/inventory.report.service.ts:16 - RollAgingSummary (used in module)
src/services/reports/inventory.report.service.ts:89 - StockByItemColorRow (used in module)
src/services/reports/inventory.report.service.ts:96 - StockByWidthRow (used in module)
src/services/reports/inventory.report.service.ts:102 - StockDistribution (used in module)
src/services/reports/inventory.report.service.ts:189 - DailyMovementRow (used in module)
src/services/reports/production.report.service.ts:22 - StationEfficiencyRow (used in module)
src/services/reports/production.report.service.ts:78 - OperatorPerformanceRow (used in module)
src/services/reports/production.report.service.ts:134 - MachineUsageRow (used in module)
src/services/reports/production.report.service.ts:186 - TravelerTraceEvent (used in module)
src/services/reports/production.report.service.ts:202 - TravelerTraceResult (used in module)
src/services/reports/production.report.service.ts:322 - ScrapSummary (used in module)
src/services/reports/quality.report.service.ts:15 - DefectDistributionRow (used in module)
src/services/reports/quality.report.service.ts:62 - StationDefectRateRow (used in module)
src/services/reports/quality.report.service.ts:126 - Qc2DecisionsSummary (used in module)
src/services/reports/quality.report.service.ts:174 - KursunApplicationSummary (used in module)
src/services/reports/sales.report.service.ts:14 - OrderFulfillmentSummary (used in module)
src/services/reports/sales.report.service.ts:120 - LateDeliveryRow (used in module)
src/services/reports/subcontract.report.service.ts:13 - SubcontractPerformanceRow (used in module)
src/services/reports/subcontract.report.service.ts:98 - OpenDispatchRow (used in module)
src/services/helpers/codec/meter.codec.ts:14 - parseMeterReading
src/services/helpers/codec/meter.codec.ts:7 - MeterCodecOptions (used in module)
src/services/helpers/raster/raster-envelope-ppla.ts:34 - PPLA_RASTER_VERIFIED (used in module)
src/services/helpers/raster/raster-envelope-ppla.ts:36 - PplaRasterUnsupportedError (used in module)
src/services/helpers/raster/raster-envelope-pplb.ts:32 - PplbRasterUnsupportedError (used in module)
src/services/helpers/raster/raster-font.ts:61 - getLabelFont
src/services/helpers/raster/raster-font.ts:14 - RasterFontStyle (used in module)
src/services/helpers/raster/raster-font.ts:21 - LabelFontMetrics (used in module)
src/services/helpers/raster/raster-text.ts:15 - TextRasterOpts (used in module)
