{
  "auditReportVersion": 2,
  "vulnerabilities": {
    "@hono/node-server": {
      "name": "@hono/node-server",
      "severity": "moderate",
      "isDirect": false,
      "via": [
        {
          "source": 1116281,
          "name": "@hono/node-server",
          "dependency": "@hono/node-server",
          "title": "@hono/node-server: Middleware bypass via repeated slashes in serveStatic",
          "url": "https://github.com/advisories/GHSA-92pp-h63x-v22m",
          "severity": "moderate",
          "cwe": [
            "CWE-22"
          ],
          "cvss": {
            "score": 5.3,
            "vectorString": "CVSS:3.1/AV:N/AC:L/PR:N/UI:N/S:U/C:L/I:N/A:N"
          },
          "range": "<1.19.13"
        },
        {
          "source": 1124006,
          "name": "@hono/node-server",
          "dependency": "@hono/node-server",
          "title": "Node.js Adapter for Hono: Path traversal in `serve-static` on Windows via encoded backslash (`%5C`)",
          "url": "https://github.com/advisories/GHSA-frvp-7c67-39w9",
          "severity": "moderate",
          "cwe": [
            "CWE-22"
          ],
          "cvss": {
            "score": 5.9,
            "vectorString": "CVSS:3.1/AV:N/AC:H/PR:N/UI:N/S:U/C:H/I:N/A:N"
          },
          "range": "<2.0.5"
        }
      ],
      "effects": [
        "@prisma/dev"
      ],
      "range": "<=2.0.4",
      "nodes": [
        "node_modules/@hono/node-server"
      ],
      "fixAvailable": true
    },
    "@prisma/dev": {
      "name": "@prisma/dev",
      "severity": "moderate",
      "isDirect": false,
      "via": [
        "@hono/node-server",
        "valibot"
      ],
      "effects": [
        "prisma"
      ],
      "range": "<=0.24.16",
      "nodes": [
        "node_modules/@prisma/dev"
      ],
      "fixAvailable": true
    },
    "body-parser": {
      "name": "body-parser",
      "severity": "low",
      "isDirect": false,
      "via": [
        {
          "source": 1123976,
          "name": "body-parser",
          "dependency": "body-parser",
          "title": "body-parser vulnerable to denial of service when invalid limit value silently disables size enforcement",
          "url": "https://github.com/advisories/GHSA-v422-hmwv-36x6",
          "severity": "low",
          "cwe": [
            "CWE-770"
          ],
          "cvss": {
            "score": 3.7,
            "vectorString": "CVSS:3.1/AV:N/AC:H/PR:N/UI:N/S:U/C:N/I:N/A:L"
          },
          "range": ">=2.0.0 <2.3.0"
        }
      ],
      "effects": [],
      "range": "2.0.0 - 2.2.2",
      "nodes": [
        "node_modules/body-parser"
      ],
      "fixAvailable": true
    },
    "brace-expansion": {
      "name": "brace-expansion",
      "severity": "high",
      "isDirect": false,
      "via": [
        {
          "source": 1120311,
          "name": "brace-expansion",
          "dependency": "brace-expansion",
          "title": "brace-expansion: Large numeric range defeats documented `max` DoS protection",
          "url": "https://github.com/advisories/GHSA-jxxr-4gwj-5jf2",
          "severity": "moderate",
          "cwe": [
            "CWE-400"
          ],
          "cvss": {
            "score": 6.5,
            "vectorString": "CVSS:3.1/AV:N/AC:L/PR:N/UI:R/S:U/C:N/I:N/A:H"
          },
          "range": ">=5.0.0 <5.0.6"
        },
        {
          "source": 1123897,
          "name": "brace-expansion",
          "dependency": "brace-expansion",
          "title": "brace-expansion: DoS via exponential-time expansion of consecutive non-expanding {} groups",
          "url": "https://github.com/advisories/GHSA-3jxr-9vmj-r5cp",
          "severity": "high",
          "cwe": [
            "CWE-400",
            "CWE-407"
          ],
          "cvss": {
            "score": 5.3,
            "vectorString": "CVSS:3.1/AV:N/AC:L/PR:N/UI:N/S:U/C:N/I:N/A:L"
          },
          "range": "<1.1.16"
        },
        {
          "source": 1123898,
          "name": "brace-expansion",
          "dependency": "brace-expansion",
          "title": "brace-expansion: DoS via exponential-time expansion of consecutive non-expanding {} groups",
          "url": "https://github.com/advisories/GHSA-3jxr-9vmj-r5cp",
          "severity": "high",
          "cwe": [
            "CWE-400",
            "CWE-407"
          ],
          "cvss": {
            "score": 5.3,
            "vectorString": "CVSS:3.1/AV:N/AC:L/PR:N/UI:N/S:U/C:N/I:N/A:L"
          },
          "range": ">=3.0.0 <5.0.7"
        },
        {
          "source": 1130588,
          "name": "brace-expansion",
          "dependency": "brace-expansion",
          "title": "brace-expansion: DoS via unbounded expansion length causing an out-of-memory process crash",
          "url": "https://github.com/advisories/GHSA-mh99-v99m-4gvg",
          "severity": "high",
          "cwe": [
            "CWE-400",
            "CWE-770"
          ],
          "cvss": {
            "score": 7.5,
            "vectorString": "CVSS:3.1/AV:N/AC:L/PR:N/UI:N/S:U/C:N/I:N/A:H"
          },
          "range": "<1.1.17"
        },
        {
          "source": 1130591,
          "name": "brace-expansion",
          "dependency": "brace-expansion",
          "title": "brace-expansion: DoS via unbounded expansion length causing an out-of-memory process crash",
          "url": "https://github.com/advisories/GHSA-mh99-v99m-4gvg",
          "severity": "high",
          "cwe": [
            "CWE-400",
            "CWE-770"
          ],
          "cvss": {
            "score": 7.5,
            "vectorString": "CVSS:3.1/AV:N/AC:L/PR:N/UI:N/S:U/C:N/I:N/A:H"
          },
          "range": ">=4.0.0 <5.0.8"
        },
        {
          "source": 1130734,
          "name": "brace-expansion",
          "dependency": "brace-expansion",
          "title": "brace-expansion: DoS via unbounded intermediate arrays, bypassing the CVE-2026-14257 mitigation",
          "url": "https://github.com/advisories/GHSA-rgw5-rvv9-x895",
          "severity": "high",
          "cwe": [
            "CWE-400",
            "CWE-770"
          ],
          "cvss": {
            "score": 7.5,
            "vectorString": "CVSS:3.1/AV:N/AC:L/PR:N/UI:N/S:U/C:N/I:N/A:H"
          },
          "range": ">=4.0.0 <5.0.9"
        },
        {
          "source": 1130737,
          "name": "brace-expansion",
          "dependency": "brace-expansion",
          "title": "brace-expansion: DoS via unbounded intermediate arrays, bypassing the CVE-2026-14257 mitigation",
          "url": "https://github.com/advisories/GHSA-rgw5-rvv9-x895",
          "severity": "high",
          "cwe": [
            "CWE-400",
            "CWE-770"
          ],
          "cvss": {
            "score": 7.5,
            "vectorString": "CVSS:3.1/AV:N/AC:L/PR:N/UI:N/S:U/C:N/I:N/A:H"
          },
          "range": "<1.1.18"
        }
      ],
      "effects": [],
      "range": "<=1.1.17 || 3.0.0 - 5.0.8",
      "nodes": [
        "node_modules/@eslint/config-array/node_modules/brace-expansion",
        "node_modules/@typescript-eslint/typescript-estree/node_modules/brace-expansion",
        "node_modules/brace-expansion",
        "node_modules/eslint/node_modules/brace-expansion",
        "node_modules/nodemon/node_modules/brace-expansion"
      ],
      "fixAvailable": true
    },
    "fast-uri": {
      "name": "fast-uri",
      "severity": "high",
      "isDirect": false,
      "via": [
        {
          "source": 1117870,
          "name": "fast-uri",
          "dependency": "fast-uri",
          "title": "fast-uri vulnerable to path traversal via percent-encoded dot segments",
          "url": "https://github.com/advisories/GHSA-q3j6-qgpj-74h6",
          "severity": "high",
          "cwe": [
            "CWE-22"
          ],
          "cvss": {
            "score": 7.5,
            "vectorString": "CVSS:3.1/AV:N/AC:L/PR:N/UI:N/S:U/C:N/I:H/A:N"
          },
          "range": "<=3.1.0"
        },
        {
          "source": 1117884,
          "name": "fast-uri",
          "dependency": "fast-uri",
          "title": "fast-uri vulnerable to host confusion via percent-encoded authority delimiters",
          "url": "https://github.com/advisories/GHSA-v39h-62p7-jpjc",
          "severity": "high",
          "cwe": [
            "CWE-436"
          ],
          "cvss": {
            "score": 7.5,
            "vectorString": "CVSS:3.1/AV:N/AC:L/PR:N/UI:N/S:U/C:N/I:H/A:N"
          },
          "range": "<=3.1.1"
        },
        {
          "source": 1124064,
          "name": "fast-uri",
          "dependency": "fast-uri",
          "title": "fast-uri vulnerable to host confusion via literal backslash authority delimiter",
          "url": "https://github.com/advisories/GHSA-v2hh-gcrm-f6hx",
          "severity": "high",
          "cwe": [
            "CWE-436"
          ],
          "cvss": {
            "score": 7.5,
            "vectorString": "CVSS:3.1/AV:N/AC:L/PR:N/UI:N/S:U/C:N/I:H/A:N"
          },
          "range": ">=3.0.0 <=3.1.3"
        },
        {
          "source": 1130720,
          "name": "fast-uri",
          "dependency": "fast-uri",
          "title": "fast-uri vulnerable to host confusion via backslash authority introducer",
          "url": "https://github.com/advisories/GHSA-7p8r-x3mc-p8w7",
          "severity": "high",
          "cwe": [
            "CWE-436"
          ],
          "cvss": {
            "score": 7.5,
            "vectorString": "CVSS:3.1/AV:N/AC:L/PR:N/UI:N/S:U/C:N/I:H/A:N"
          },
          "range": ">=3.0.0 <3.1.5"
        },
        {
          "source": 1138395,
          "name": "fast-uri",
          "dependency": "fast-uri",
          "title": "fast-uri vulnerable to host confusion via failed IDN canonicalization",
          "url": "https://github.com/advisories/GHSA-4c8g-83qw-93j6",
          "severity": "high",
          "cwe": [
            "CWE-436",
            "CWE-551"
          ],
          "cvss": {
            "score": 7.5,
            "vectorString": "CVSS:3.1/AV:N/AC:L/PR:N/UI:N/S:U/C:N/I:H/A:N"
          },
          "range": ">=3.0.0 <3.1.3"
        }
      ],
      "effects": [],
      "range": "<=3.1.4",
      "nodes": [
        "node_modules/fast-uri"
      ],
      "fixAvailable": true
    },
    "hono": {
      "name": "hono",
      "severity": "high",
      "isDirect": false,
      "via": [
        {
          "source": 1117915,
          "name": "hono",
          "dependency": "hono",
          "title": "Hono has CSS Declaration Injection via Style Object Values in JSX SSR",
          "url": "https://github.com/advisories/GHSA-qp7p-654g-cw7p",
          "severity": "moderate",
          "cwe": [
            "CWE-74",
            "CWE-116"
          ],
          "cvss": {
            "score": 4.3,
            "vectorString": "CVSS:3.1/AV:N/AC:L/PR:N/UI:R/S:U/C:N/I:L/A:N"
          },
          "range": "<4.12.18"
        },
        {
          "source": 1118963,
          "name": "hono",
          "dependency": "hono",
          "title": "Hono has improper validation of NumericDate claims (exp, nbf, iat) in JWT verify()",
          "url": "https://github.com/advisories/GHSA-hm8q-7f3q-5f36",
          "severity": "low",
          "cwe": [
            "CWE-1284"
          ],
          "cvss": {
            "score": 3.8,
            "vectorString": "CVSS:3.1/AV:N/AC:L/PR:H/UI:N/S:U/C:L/I:L/A:N"
          },
          "range": "<4.12.18"
        },
        {
          "source": 1118964,
          "name": "hono",
          "dependency": "hono",
          "title": "Hono's Cache Middleware ignores Vary: Authorization / Vary: Cookie leading to cross-user cache leakage",
          "url": "https://github.com/advisories/GHSA-p77w-8qqv-26rm",
          "severity": "moderate",
          "cwe": [
            "CWE-524"
          ],
          "cvss": {
            "score": 5.3,
            "vectorString": "CVSS:3.1/AV:N/AC:L/PR:N/UI:N/S:U/C:L/I:N/A:N"
          },
          "range": "<4.12.18"
        },
        {
          "source": 1118982,
          "name": "hono",
          "dependency": "hono",
          "title": "Hono: bodyLimit() can be bypassed for chunked / unknown-length requests",
          "url": "https://github.com/advisories/GHSA-9vqf-7f2p-gf9v",
          "severity": "moderate",
          "cwe": [
            "CWE-400"
          ],
          "cvss": {
            "score": 6.5,
            "vectorString": "CVSS:3.1/AV:N/AC:L/PR:N/UI:N/S:U/C:L/I:L/A:N"
          },
          "range": "<4.12.16"
        },
        {
          "source": 1118983,
          "name": "hono",
          "dependency": "hono",
          "title": "hono/jsx has Unvalidated JSX Tag Names that May Allow HTML Injection",
          "url": "https://github.com/advisories/GHSA-69xw-7hcm-h432",
          "severity": "moderate",
          "cwe": [
            "CWE-74"
          ],
          "cvss": {
            "score": 4.7,
            "vectorString": "CVSS:3.1/AV:N/AC:H/PR:N/UI:R/S:C/C:L/I:L/A:N"
          },
          "range": "<4.12.16"
        },
        {
          "source": 1120082,
          "name": "hono",
          "dependency": "hono",
          "title": "Hono: IP Restriction bypasses static deny rules for non-canonical IPv6 ",
          "url": "https://github.com/advisories/GHSA-xrhx-7g5j-rcj5",
          "severity": "moderate",
          "cwe": [
            "CWE-185",
            "CWE-1289"
          ],
          "cvss": {
            "score": 5.3,
            "vectorString": "CVSS:3.1/AV:N/AC:L/PR:N/UI:N/S:U/C:N/I:L/A:N"
          },
          "range": "<4.12.21"
        },
        {
          "source": 1120083,
          "name": "hono",
          "dependency": "hono",
          "title": "Hono: Cookie helper does not sanitize sameSite and priority, allowing Set-Cookie injection",
          "url": "https://github.com/advisories/GHSA-3hrh-pfw6-9m5x",
          "severity": "moderate",
          "cwe": [
            "CWE-113",
            "CWE-1287"
          ],
          "cvss": {
            "score": 4.3,
            "vectorString": "CVSS:3.1/AV:N/AC:L/PR:N/UI:R/S:U/C:N/I:L/A:N"
          },
          "range": "<4.12.21"
        },
        {
          "source": 1120084,
          "name": "hono",
          "dependency": "hono",
          "title": "Hono: JWT middleware accepts any Authorization scheme, not only Bearer",
          "url": "https://github.com/advisories/GHSA-f577-qrjj-4474",
          "severity": "moderate",
          "cwe": [
            "CWE-285"
          ],
          "cvss": {
            "score": 4.8,
            "vectorString": "CVSS:3.1/AV:N/AC:H/PR:N/UI:N/S:U/C:L/I:L/A:N"
          },
          "range": "<4.12.21"
        },
        {
          "source": 1120085,
          "name": "hono",
          "dependency": "hono",
          "title": "Hono: app.mount() strips mount prefix using undecoded path, causing incorrect routing for percent-encoded paths",
          "url": "https://github.com/advisories/GHSA-2gcr-mfcq-wcc3",
          "severity": "moderate",
          "cwe": [
            "CWE-444",
            "CWE-693"
          ],
          "cvss": {
            "score": 5.3,
            "vectorString": "CVSS:3.1/AV:N/AC:L/PR:N/UI:N/S:U/C:L/I:N/A:N"
          },
          "range": "<4.12.21"
        },
        {
          "source": 1121418,
          "name": "hono",
          "dependency": "hono",
          "title": "hono Improperly Handles JSX Attribute Names Allows HTML Injection in hono/jsx SSR",
          "url": "https://github.com/advisories/GHSA-458j-xx4x-4375",
          "severity": "moderate",
          "cwe": [
            "CWE-79"
          ],
          "cvss": {
            "score": 4.3,
            "vectorString": "CVSS:3.1/AV:N/AC:L/PR:N/UI:R/S:U/C:N/I:L/A:N"
          },
          "range": "<4.12.14"
        },
        {
          "source": 1123997,
          "name": "hono",
          "dependency": "hono",
          "title": "hono: Body Limit Middleware can be bypassed on AWS Lambda by understating `Content-Length`",
          "url": "https://github.com/advisories/GHSA-rv63-4mwf-qqc2",
          "severity": "moderate",
          "cwe": [
            "CWE-345"
          ],
          "cvss": {
            "score": 6.5,
            "vectorString": "CVSS:3.1/AV:N/AC:L/PR:N/UI:N/S:U/C:L/I:L/A:N"
          },
          "range": "<4.12.25"
        },
        {
          "source": 1123998,
          "name": "hono",
          "dependency": "hono",
          "title": "hono: Lambda@Edge adapter keeps only the last value of a repeated request header, dropping the rest",
          "url": "https://github.com/advisories/GHSA-wgpf-jwqj-8h8p",
          "severity": "moderate",
          "cwe": [
            "CWE-348"
          ],
          "cvss": {
            "score": 4.8,
            "vectorString": "CVSS:3.1/AV:N/AC:H/PR:N/UI:N/S:U/C:L/I:L/A:N"
          },
          "range": "<4.12.25"
        },
        {
          "source": 1123999,
          "name": "hono",
          "dependency": "hono",
          "title": "hono: CORS Middleware reflects any Origin with credentials when `origin` defaults to the wildcard",
          "url": "https://github.com/advisories/GHSA-88fw-hqm2-52qc",
          "severity": "high",
          "cwe": [
            "CWE-942"
          ],
          "cvss": {
            "score": 7.1,
            "vectorString": "CVSS:3.1/AV:N/AC:L/PR:N/UI:R/S:U/C:H/I:L/A:N"
          },
          "range": "<4.12.25"
        },
        {
          "source": 1124000,
          "name": "hono",
          "dependency": "hono",
          "title": "hono: Path traversal in `serve-static` on Windows via encoded backslash (`%5C`)",
          "url": "https://github.com/advisories/GHSA-wwfh-h76j-fc44",
          "severity": "moderate",
          "cwe": [
            "CWE-22"
          ],
          "cvss": {
            "score": 5.9,
            "vectorString": "CVSS:3.1/AV:N/AC:H/PR:N/UI:N/S:U/C:H/I:N/A:N"
          },
          "range": "<4.12.25"
        },
        {
          "source": 1124001,
          "name": "hono",
          "dependency": "hono",
          "title": "hono: AWS Lambda adapter merges multiple `Set-Cookie` headers into one value, dropping cookies on ALB single-header and Lattice",
          "url": "https://github.com/advisories/GHSA-j6c9-x7qj-28xf",
          "severity": "moderate",
          "cwe": [
            "CWE-116"
          ],
          "cvss": {
            "score": 5.3,
            "vectorString": "CVSS:3.1/AV:N/AC:L/PR:N/UI:N/S:U/C:N/I:L/A:N"
          },
          "range": "<4.12.25"
        },
        {
          "source": 1124005,
          "name": "hono",
          "dependency": "hono",
          "title": "Hono: API Gateway v1 adapter can drop a distinct repeated request header value during de-duplication",
          "url": "https://github.com/advisories/GHSA-xgm2-5f3f-mvvc",
          "severity": "moderate",
          "cwe": [
            "CWE-348"
          ],
          "cvss": {
            "score": 4.8,
            "vectorString": "CVSS:3.1/AV:N/AC:H/PR:N/UI:N/S:U/C:L/I:L/A:N"
          },
          "range": ">=4.3.3 <4.12.27"
        },
        {
          "source": 1124009,
          "name": "hono",
          "dependency": "hono",
          "title": "hono/jsx does not isolate context per request, leading to cross-request data disclosure",
          "url": "https://github.com/advisories/GHSA-hvrm-45r6-mjfj",
          "severity": "moderate",
          "cwe": [
            "CWE-362"
          ],
          "cvss": {
            "score": 6.5,
            "vectorString": "CVSS:3.1/AV:N/AC:H/PR:N/UI:N/S:U/C:H/I:L/A:N"
          },
          "range": ">=4.11.8 <4.12.27"
        },
        {
          "source": 1124010,
          "name": "hono",
          "dependency": "hono",
          "title": "Hono: Server-Side XSS via JSX Escaping Bypass in cx() Utility",
          "url": "https://github.com/advisories/GHSA-w62v-xxxg-mg59",
          "severity": "moderate",
          "cwe": [
            "CWE-79",
            "CWE-116"
          ],
          "cvss": {
            "score": 6.1,
            "vectorString": "CVSS:3.1/AV:N/AC:L/PR:N/UI:R/S:C/C:L/I:L/A:N"
          },
          "range": ">=4.0.0 <4.12.27"
        },
        {
          "source": 1130733,
          "name": "hono",
          "dependency": "hono",
          "title": "Hono: ReDoS in CORS middleware via Access-Control-Request-Headers",
          "url": "https://github.com/advisories/GHSA-8j4g-w8fx-2239",
          "severity": "moderate",
          "cwe": [
            "CWE-1333"
          ],
          "cvss": {
            "score": 5.3,
            "vectorString": "CVSS:3.1/AV:N/AC:L/PR:N/UI:N/S:U/C:N/I:N/A:L"
          },
          "range": "<4.12.34"
        },
        {
          "source": 1138771,
          "name": "hono",
          "dependency": "hono",
          "title": "Hono: `memo()` retains SSR output across requests, leading to cross-user data disclosure",
          "url": "https://github.com/advisories/GHSA-f23p-vx2j-j53r",
          "severity": "moderate",
          "cwe": [
            "CWE-488"
          ],
          "cvss": {
            "score": 4.8,
            "vectorString": "CVSS:3.1/AV:N/AC:H/PR:L/UI:R/S:U/C:H/I:N/A:N"
          },
          "range": ">=3.8.0 <4.12.34"
        },
        {
          "source": 1138772,
          "name": "hono",
          "dependency": "hono",
          "title": "Hono: Proxy Helper does not remove response headers listed in the `Connection` header",
          "url": "https://github.com/advisories/GHSA-79qm-7rj5-m7r9",
          "severity": "low",
          "cwe": [
            "CWE-200"
          ],
          "cvss": {
            "score": 3.7,
            "vectorString": "CVSS:3.1/AV:N/AC:H/PR:N/UI:N/S:U/C:L/I:N/A:N"
          },
          "range": ">=4.7.0 <4.12.34"
        },
        {
          "source": 1138773,
          "name": "hono",
          "dependency": "hono",
          "title": "Hono: Algorithmic Complexity DoS in Language Middleware",
          "url": "https://github.com/advisories/GHSA-54fx-42gc-7vw4",
          "severity": "moderate",
          "cwe": [
            "CWE-407"
          ],
          "cvss": {
            "score": 5.3,
            "vectorString": "CVSS:3.1/AV:N/AC:L/PR:N/UI:N/S:U/C:N/I:N/A:L"
          },
          "range": ">=4.12.0 <4.12.34"
        }
      ],
      "effects": [],
      "range": "<=4.12.33",
      "nodes": [
        "node_modules/hono"
      ],
      "fixAvailable": true
    },
    "js-yaml": {
      "name": "js-yaml",
      "severity": "high",
      "isDirect": false,
      "via": [
        {
          "source": 1121860,
          "name": "js-yaml",
          "dependency": "js-yaml",
          "title": "JS-YAML: Quadratic-complexity DoS in merge key handling via repeated aliases",
          "url": "https://github.com/advisories/GHSA-h67p-54hq-rp68",
          "severity": "moderate",
          "cwe": [
            "CWE-407"
          ],
          "cvss": {
            "score": 5.3,
            "vectorString": "CVSS:3.1/AV:N/AC:L/PR:N/UI:N/S:U/C:N/I:N/A:L"
          },
          "range": ">=4.0.0 <=4.1.1"
        },
        {
          "source": 1123911,
          "name": "js-yaml",
          "dependency": "js-yaml",
          "title": "js-yaml: YAML merge-key chains can force quadratic CPU consumption",
          "url": "https://github.com/advisories/GHSA-52cp-r559-cp3m",
          "severity": "high",
          "cwe": [
            "CWE-400",
            "CWE-407"
          ],
          "cvss": {
            "score": 7.5,
            "vectorString": "CVSS:3.1/AV:N/AC:L/PR:N/UI:N/S:U/C:N/I:N/A:H"
          },
          "range": ">=4.0.0 <4.3.0"
        },
        {
          "source": 1138115,
          "name": "js-yaml",
          "dependency": "js-yaml",
          "title": "JS-YAML: Quadratic CPU consumption in !!omap resolution (3.x and 4.x) — CVE-2026-59870 fix not backported",
          "url": "https://github.com/advisories/GHSA-5p4m-2wfm-xmqj",
          "severity": "high",
          "cwe": [
            "CWE-407"
          ],
          "cvss": {
            "score": 7.5,
            "vectorString": "CVSS:3.1/AV:N/AC:L/PR:N/UI:N/S:U/C:N/I:N/A:H"
          },
          "range": ">=4.0.0 <4.3.1"
        }
      ],
      "effects": [],
      "range": "4.0.0 - 4.3.0",
      "nodes": [
        "node_modules/js-yaml"
      ],
      "fixAvailable": true
    },
    "morgan": {
      "name": "morgan",
      "severity": "moderate",
      "isDirect": true,
      "via": [
        {
          "source": 1122902,
          "name": "morgan",
          "dependency": "morgan",
          "title": "morgan vulnerable to Log Forging via unneutralized control characters in :remote-user",
          "url": "https://github.com/advisories/GHSA-4vj7-5mj6-jm8m",
          "severity": "moderate",
          "cwe": [
            "CWE-117"
          ],
          "cvss": {
            "score": 5.3,
            "vectorString": "CVSS:3.1/AV:N/AC:L/PR:N/UI:N/S:U/C:N/I:L/A:N"
          },
          "range": ">=1.2.0 <=1.10.1"
        }
      ],
      "effects": [],
      "range": "1.2.0 - 1.10.1",
      "nodes": [
        "node_modules/morgan"
      ],
      "fixAvailable": true
    },
    "prisma": {
      "name": "prisma",
      "severity": "moderate",
      "isDirect": true,
      "via": [
        "@prisma/dev"
      ],
      "effects": [],
      "range": "6.20.0-dev.1 - 7.9.0-dev.31",
      "nodes": [
        "node_modules/prisma"
      ],
      "fixAvailable": true
    },
    "qs": {
      "name": "qs",
      "severity": "moderate",
      "isDirect": false,
      "via": [
        {
          "source": 1119502,
          "name": "qs",
          "dependency": "qs",
          "title": "qs has a remotely triggerable DoS: qs.stringify crashes with TypeError on null/undefined entries in comma-format arrays when encodeValuesOnly is set",
          "url": "https://github.com/advisories/GHSA-q8mj-m7cp-5q26",
          "severity": "moderate",
          "cwe": [
            "CWE-476"
          ],
          "cvss": {
            "score": 5.3,
            "vectorString": "CVSS:3.1/AV:N/AC:L/PR:N/UI:N/S:U/C:N/I:N/A:L"
          },
          "range": ">=6.11.1 <=6.15.1"
        }
      ],
      "effects": [],
      "range": "6.11.1 - 6.15.1",
      "nodes": [
        "node_modules/qs"
      ],
      "fixAvailable": true
    },
    "uuid": {
      "name": "uuid",
      "severity": "moderate",
      "isDirect": true,
      "via": [
        {
          "source": 1119442,
          "name": "uuid",
          "dependency": "uuid",
          "title": "uuid: Missing buffer bounds check in v3/v5/v6 when buf is provided",
          "url": "https://github.com/advisories/GHSA-w5hq-g745-h8pq",
          "severity": "moderate",
          "cwe": [
            "CWE-787",
            "CWE-1285"
          ],
          "cvss": {
            "score": 7.5,
            "vectorString": "CVSS:3.1/AV:N/AC:L/PR:N/UI:N/S:U/C:N/I:H/A:N"
          },
          "range": ">=13.0.0 <13.0.1"
        }
      ],
      "effects": [],
      "range": "13.0.0",
      "nodes": [
        "node_modules/uuid"
      ],
      "fixAvailable": true
    },
    "valibot": {
      "name": "valibot",
      "severity": "moderate",
      "isDirect": false,
      "via": [
        {
          "source": 1124298,
          "name": "valibot",
          "dependency": "valibot",
          "title": "Valibot: record() issue paths can make flatten() throw for inherited Object property names",
          "url": "https://github.com/advisories/GHSA-5qjj-4xww-7phc",
          "severity": "moderate",
          "cwe": [
            "CWE-755"
          ],
          "cvss": {
            "score": 0,
            "vectorString": null
          },
          "range": "<=1.4.1"
        }
      ],
      "effects": [
        "@prisma/dev"
      ],
      "range": "<=1.4.1",
      "nodes": [
        "node_modules/valibot"
      ],
      "fixAvailable": true
    }
  },
  "metadata": {
    "vulnerabilities": {
      "info": 0,
      "low": 1,
      "moderate": 7,
      "high": 4,
      "critical": 0,
      "total": 12
    },
    "dependencies": {
      "prod": 248,
      "dev": 165,
      "optional": 29,
      "peer": 6,
      "peerOptional": 0,
      "total": 420
    }
  }
}
