               
               
┌─────────────┐
│ Scan Status │
└─────────────┘
  Scanning 271 files with 561 Code rules:
                                                                                                                        
  Language      Rules   Files          Origin      Rules                                                                
 ─────────────────────────────        ───────────────────                                                               
  ts               72     271          Community     561                                                                
  <multilang>       6     271                                                                                           
                                                                                                                        
                
                
┌──────────────┐
│ Scan Summary │
└──────────────┘
✅ Scan completed successfully.
 • Findings: 0 (0 blocking)
 • Rules run: 78
 • Targets scanned: 271
 • Parsed lines: ~100.0%
 • No ignore information available
Ran 78 rules on 271 files: 0 findings.
(need more rules? `semgrep login` for additional free Semgrep Registry rules)

If Semgrep missed a finding, please send us feedback to let us know!
See https://semgrep.dev/docs/reporting-false-negatives/
